exports[`test renders correctly 1`] = `
<View
  style={
    Object {
      "alignItems": "stretch",
      "backgroundColor": "rgba(0, 0, 0, 0.7)",
      "flexDirection": "row",
      "height": 1334,
      "justifyContent": "center",
      "left": 0,
      "opacity": 0,
      "position": "absolute",
      "top": 0,
      "width": 750,
    }
  }>
  <View
    accessibilityComponentType={undefined}
    accessibilityLabel={undefined}
    accessibilityTraits={undefined}
    accessible={true}
    hitSlop={undefined}
    onLayout={undefined}
    onResponderGrant={[Function]}
    onResponderMove={[Function]}
    onResponderRelease={[Function]}
    onResponderTerminate={[Function]}
    onResponderTerminationRequest={[Function]}
    onStartShouldSetResponder={[Function]}
    style={
      Array [
        Object {
          "backgroundColor": "transparent",
        },
        Object {
          "alignItems": "stretch",
          "flex": 1,
          "flexDirection": "row",
          "justifyContent": "center",
        },
      ]
    }
    testID={undefined}>
    <View
      style={
        Object {
          "alignItems": "center",
          "flex": 1,
          "flexDirection": "row",
          "justifyContent": "center",
        }
      }>
      <View
        accessibilityComponentType={undefined}
        accessibilityLabel={undefined}
        accessibilityTraits={undefined}
        accessible={true}
        hitSlop={undefined}
        onLayout={undefined}
        onResponderGrant={[Function]}
        onResponderMove={[Function]}
        onResponderRelease={[Function]}
        onResponderTerminate={[Function]}
        onResponderTerminationRequest={[Function]}
        onStartShouldSetResponder={[Function]}
        style={undefined}
        testID={undefined}>
        <Text
          accessible={true}
          allowFontScaling={true}
          ellipsizeMode="tail">
          Testing testing 123
        </Text>
      </View>
    </View>
  </View>
</View>
`;
