exports[`test renders correctly 1`] = `
<View
  style={
    Object {
      "bottom": 0.5,
      "height": 0.35,
      "left": 0.5,
      "position": "absolute",
      "width": 0.15,
    }
  }>
  <Image
    accessibilityComponentType={undefined}
    accessibilityLabel={undefined}
    accessibilityTraits={undefined}
    accessible={true}
    hitSlop={undefined}
    onLayout={undefined}
    onResponderGrant={[Function]}
    onResponderMove={[Function]}
    onResponderRelease={[Function]}
    onResponderTerminate={[Function]}
    onResponderTerminationRequest={[Function]}
    onStartShouldSetResponder={[Function]}
    resizeMode="stretch"
    source={
      Object {
        "uri": "frog_outline",
      }
    }
    style={
      Object {
        "height": 0.35,
        "tintColor": null,
        "width": 0.15,
      }
    }
    testID={undefined} />
</View>
`;
